[Licensing::Module] Trying to connect to existing licensing client channel...
[Licensing::IpcConnector] Connection attempt to the License Client on channel: "LicenseClient-Babo" failed because channel doesn't exist; code: "0x80000002"
[Licensing::Module] Successfully launched the LicensingClient (PId: 22336)
[Licensing::IpcConnector] Successfully connected to the License Client on channel: "LicenseClient-Babo" at "2026-06-07T12:03:22.2914324Z"
[Licensing::Client] Handshaking with LicensingClient:
  Version:                 1.15.0+66d4389
  Session Id:              11aa78f30f074a518754baa425bd072f
  Correlation Id:          02bb3517b263a9d4f6042ef273360adb
  External correlation Id: 8185495729846696757
  Machine Id:              iBKrq2SDGyCnJkJMftDxd4Db4/0=
[Licensing::Module] Successfully connected to LicensingClient on channel: "LicenseClient-Babo" (connect: 1.53s, validation: 0.08s, handshake: 2.51s)
[Licensing::IpcConnector] Successfully connected to the License Notification on channel: "LicenseClient-Babo-notifications" at "2026-06-07T12:03:24.8860976Z"
[Licensing::Module] Connected to LicensingClient (PId: 22336, launch time: 0.02, total connection time: 4.12s)
[Licensing::Module] Error: Access token is unavailable; failed to update
[Licensing::Client] Error: Code 500 while processing request (status: Unable to update licenses. Errors: No ULF license found.,Token not found in cache)
[Licensing::Client] Error: Code 500 while updating license in client (status: Unable to update licenses. Errors: No ULF license found.,Token not found in cache)
Built from '2022.3/release' branch; Version is '2022.3.20f1 (61c2feb0970d) revision 6406910'; Using compiler version '192829333'; Build Type 'Release'
OS: 'Windows 11  (10.0.26200) 64bit Core' Language: 'ko' Physical Memory: 24260 MB
[Licensing::Client] Successfully resolved entitlements
[Licensing::Module] Serial number assigned to: "14568598730466-UnityPersXXXX"
BatchMode: 1, IsHumanControllingUs: 0, StartBugReporterOnCrash: 0, Is64bit: 1, IsPro: 0

COMMAND LINE ARGUMENTS:
C:\Program Files\Unity\Hub\Editor\2022.3.20f1\Editor\Unity.exe
-batchmode
-quit
-nographics
-projectPath
C:/Users/Babo/Documents/GitHub/Unity-FinalExam-project
-logFile
C:/Users/Babo/Documents/GitHub/Unity-FinalExam-project/Logs/compile_check.log
Successfully changed project path to: C:/Users/Babo/Documents/GitHub/Unity-FinalExam-project
C:/Users/Babo/Documents/GitHub/Unity-FinalExam-project
[UnityMemory] Configuration Parameters - Can be set up in boot.config
    "memorysetup-bucket-allocator-granularity=16"
    "memorysetup-bucket-allocator-bucket-count=8"
    "memorysetup-bucket-allocator-block-size=33554432"
    "memorysetup-bucket-allocator-block-count=8"
    "memorysetup-main-allocator-block-size=16777216"
    "memorysetup-thread-allocator-block-size=16777216"
    "memorysetup-gfx-main-allocator-block-size=16777216"
    "memorysetup-gfx-thread-allocator-block-size=16777216"
    "memorysetup-cache-allocator-block-size=4194304"
    "memorysetup-typetree-allocator-block-size=2097152"
    "memorysetup-profiler-bucket-allocator-granularity=16"
    "memorysetup-profiler-bucket-allocator-bucket-count=8"
    "memorysetup-profiler-bucket-allocator-block-size=33554432"
    "memorysetup-profiler-bucket-allocator-block-count=8"
    "memorysetup-profiler-allocator-block-size=16777216"
    "memorysetup-profiler-editor-allocator-block-size=1048576"
    "memorysetup-temp-allocator-size-main=16777216"
    "memorysetup-job-temp-allocator-block-size=2097152"
    "memorysetup-job-temp-allocator-block-size-background=1048576"
    "memorysetup-job-temp-allocator-reduction-small-platforms=262144"
    "memorysetup-allocator-temp-initial-block-size-main=262144"
    "memorysetup-allocator-temp-initial-block-size-worker=262144"
    "memorysetup-temp-allocator-size-background-worker=32768"
    "memorysetup-temp-allocator-size-job-worker=262144"
    "memorysetup-temp-allocator-size-preload-manager=33554432"
    "memorysetup-temp-allocator-size-nav-mesh-worker=65536"
    "memorysetup-temp-allocator-size-audio-worker=65536"
    "memorysetup-temp-allocator-size-cloud-worker=32768"
    "memorysetup-temp-allocator-size-gi-baking-worker=262144"
    "memorysetup-temp-allocator-size-gfx=262144"
Player connection [34156] Host "[IP] 192.168.0.81 [Port] 55504 [Flags] 2 [Guid] 3940224315 [EditorId] 3940224315 [Version] 1048832 [Id] WindowsEditor(7,DESKTOP-M88EJOU) [Debug] 1 [PackageName] WindowsEditor [ProjectName] Editor" joined multi-casting on [225.0.0.222:54997]...

Player connection [34156] Host "[IP] 192.168.0.81 [Port] 55504 [Flags] 2 [Guid] 3940224315 [EditorId] 3940224315 [Version] 1048832 [Id] WindowsEditor(7,DESKTOP-M88EJOU) [Debug] 1 [PackageName] WindowsEditor [ProjectName] Editor" joined alternative multi-casting on [225.0.0.222:34997]...

[Physics::Module] Initialized MultithreadedJobDispatcher with 15 workers.
[Package Manager] UpmClient::Connect -- Connected to IPC stream "Upm-7552" after 0.9 seconds.
[Licensing::Client] Successfully resolved entitlements
[Package Manager] Restoring resolved packages state from cache
[Licensing::Client] Successfully resolved entitlement details
[Package Manager] Registered 50 packages:
  Packages from [https://packages.unity.com]:
    com.unity.ai.navigation@1.1.5 (location: C:\Users\Babo\Documents\GitHub\Unity-FinalExam-project\Library\PackageCache\com.unity.ai.navigation@1.1.5)
    com.unity.collab-proxy@2.2.0 (location: C:\Users\Babo\Documents\GitHub\Unity-FinalExam-project\Library\PackageCache\com.unity.collab-proxy@2.2.0)
    com.unity.postprocessing@3.4.0 (location: C:\Users\Babo\Documents\GitHub\Unity-FinalExam-project\Library\PackageCache\com.unity.postprocessing@3.4.0)
    com.unity.textmeshpro@3.0.6 (location: C:\Users\Babo\Documents\GitHub\Unity-FinalExam-project\Library\PackageCache\com.unity.textmeshpro@3.0.6)
    com.unity.timeline@1.7.6 (location: C:\Users\Babo\Documents\GitHub\Unity-FinalExam-project\Library\PackageCache\com.unity.timeline@1.7.6)
    com.unity.visualscripting@1.9.1 (location: C:\Users\Babo\Documents\GitHub\Unity-FinalExam-project\Library\PackageCache\com.unity.visualscripting@1.9.1)
    com.unity.ide.visualstudio@2.0.22 (location: C:\Users\Babo\Documents\GitHub\Unity-FinalExam-project\Library\PackageCache\com.unity.ide.visualstudio@2.0.22)
    com.unity.ide.rider@3.0.27 (location: C:\Users\Babo\Documents\GitHub\Unity-FinalExam-project\Library\PackageCache\com.unity.ide.rider@3.0.27)
    com.unity.ide.vscode@1.2.5 (location: C:\Users\Babo\Documents\GitHub\Unity-FinalExam-project\Library\PackageCache\com.unity.ide.vscode@1.2.5)
    com.unity.editorcoroutines@1.0.0 (location: C:\Users\Babo\Documents\GitHub\Unity-FinalExam-project\Library\PackageCache\com.unity.editorcoroutines@1.0.0)
    com.unity.performance.profile-analyzer@1.2.2 (location: C:\Users\Babo\Documents\GitHub\Unity-FinalExam-project\Library\PackageCache\com.unity.performance.profile-analyzer@1.2.2)
    com.unity.test-framework@1.1.33 (location: C:\Users\Babo\Documents\GitHub\Unity-FinalExam-project\Library\PackageCache\com.unity.test-framework@1.1.33)
    com.unity.testtools.codecoverage@1.2.5 (location: C:\Users\Babo\Documents\GitHub\Unity-FinalExam-project\Library\PackageCache\com.unity.testtools.codecoverage@1.2.5)
    com.unity.settings-manager@2.0.1 (location: C:\Users\Babo\Documents\GitHub\Unity-FinalExam-project\Library\PackageCache\com.unity.settings-manager@2.0.1)
    com.unity.ext.nunit@1.0.6 (location: C:\Users\Babo\Documents\GitHub\Unity-FinalExam-project\Library\PackageCache\com.unity.ext.nunit@1.0.6)
  Built-in packages:
    com.unity.2d.sprite@1.0.0 (location: C:\Users\Babo\Documents\GitHub\Unity-FinalExam-project\Library\PackageCache\com.unity.2d.sprite@1.0.0)
    com.unity.feature.development@1.0.1 (location: C:\Users\Babo\Documents\GitHub\Unity-FinalExam-project\Library\PackageCache\com.unity.feature.development@1.0.1)
    com.unity.ugui@1.0.0 (location: C:\Users\Babo\Documents\GitHub\Unity-FinalExam-project\Library\PackageCache\com.unity.ugui@1.0.0)
    com.unity.modules.ai@1.0.0 (location: C:\Users\Babo\Documents\GitHub\Unity-FinalExam-project\Library\PackageCache\com.unity.modules.ai@1.0.0)
    com.unity.modules.androidjni@1.0.0 (location: C:\Users\Babo\Documents\GitHub\Unity-FinalExam-project\Library\PackageCache\com.unity.modules.androidjni@1.0.0)
    com.unity.modules.animation@1.0.0 (location: C:\Users\Babo\Documents\GitHub\Unity-FinalExam-project\Library\PackageCache\com.unity.modules.animation@1.0.0)
    com.unity.modules.assetbundle@1.0.0 (location: C:\Users\Babo\Documents\GitHub\Unity-FinalExam-project\Library\PackageCache\com.unity.modules.assetbundle@1.0.0)
    com.unity.modules.audio@1.0.0 (location: C:\Users\Babo\Documents\GitHub\Unity-FinalExam-project\Library\PackageCache\com.unity.modules.audio@1.0.0)
    com.unity.modules.cloth@1.0.0 (location: C:\Users\Babo\Documents\GitHub\Unity-FinalExam-project\Library\PackageCache\com.unity.modules.cloth@1.0.0)
    com.unity.modules.director@1.0.0 (location: C:\Users\Babo\Documents\GitHub\Unity-FinalExam-project\Library\PackageCache\com.unity.modules.director@1.0.0)
    com.unity.modules.imageconversion@1.0.0 (location: C:\Users\Babo\Documents\GitHub\Unity-FinalExam-project\Library\PackageCache\com.unity.modules.imageconversion@1.0.0)
    com.unity.modules.imgui@1.0.0 (location: C:\Users\Babo\Documents\GitHub\Unity-FinalExam-project\Library\PackageCache\com.unity.modules.imgui@1.0.0)
    com.unity.modules.jsonserialize@1.0.0 (location: C:\Users\Babo\Documents\GitHub\Unity-FinalExam-project\Library\PackageCache\com.unity.modules.jsonserialize@1.0.0)
    com.unity.modules.particlesystem@1.0.0 (location: C:\Users\Babo\Documents\GitHub\Unity-FinalExam-project\Library\PackageCache\com.unity.modules.particlesystem@1.0.0)
    com.unity.modules.physics@1.0.0 (location: C:\Users\Babo\Documents\GitHub\Unity-FinalExam-project\Library\PackageCache\com.unity.modules.physics@1.0.0)
    com.unity.modules.physics2d@1.0.0 (location: C:\Users\Babo\Documents\GitHub\Unity-FinalExam-project\Library\PackageCache\com.unity.modules.physics2d@1.0.0)
    com.unity.modules.screencapture@1.0.0 (location: C:\Users\Babo\Documents\GitHub\Unity-FinalExam-project\Library\PackageCache\com.unity.modules.screencapture@1.0.0)
    com.unity.modules.terrain@1.0.0 (location: C:\Users\Babo\Documents\GitHub\Unity-FinalExam-project\Library\PackageCache\com.unity.modules.terrain@1.0.0)
    com.unity.modules.terrainphysics@1.0.0 (location: C:\Users\Babo\Documents\GitHub\Unity-FinalExam-project\Library\PackageCache\com.unity.modules.terrainphysics@1.0.0)
    com.unity.modules.tilemap@1.0.0 (location: C:\Users\Babo\Documents\GitHub\Unity-FinalExam-project\Library\PackageCache\com.unity.modules.tilemap@1.0.0)
    com.unity.modules.ui@1.0.0 (location: C:\Users\Babo\Documents\GitHub\Unity-FinalExam-project\Library\PackageCache\com.unity.modules.ui@1.0.0)
    com.unity.modules.uielements@1.0.0 (location: C:\Users\Babo\Documents\GitHub\Unity-FinalExam-project\Library\PackageCache\com.unity.modules.uielements@1.0.0)
    com.unity.modules.umbra@1.0.0 (location: C:\Users\Babo\Documents\GitHub\Unity-FinalExam-project\Library\PackageCache\com.unity.modules.umbra@1.0.0)
    com.unity.modules.unityanalytics@1.0.0 (location: C:\Users\Babo\Documents\GitHub\Unity-FinalExam-project\Library\PackageCache\com.unity.modules.unityanalytics@1.0.0)
    com.unity.modules.unitywebrequest@1.0.0 (location: C:\Users\Babo\Documents\GitHub\Unity-FinalExam-project\Library\PackageCache\com.unity.modules.unitywebrequest@1.0.0)
    com.unity.modules.unitywebrequestassetbundle@1.0.0 (location: C:\Users\Babo\Documents\GitHub\Unity-FinalExam-project\Library\PackageCache\com.unity.modules.unitywebrequestassetbundle@1.0.0)
    com.unity.modules.unitywebrequestaudio@1.0.0 (location: C:\Users\Babo\Documents\GitHub\Unity-FinalExam-project\Library\PackageCache\com.unity.modules.unitywebrequestaudio@1.0.0)
    com.unity.modules.unitywebrequesttexture@1.0.0 (location: C:\Users\Babo\Documents\GitHub\Unity-FinalExam-project\Library\PackageCache\com.unity.modules.unitywebrequesttexture@1.0.0)
    com.unity.modules.unitywebrequestwww@1.0.0 (location: C:\Users\Babo\Documents\GitHub\Unity-FinalExam-project\Library\PackageCache\com.unity.modules.unitywebrequestwww@1.0.0)
    com.unity.modules.vehicles@1.0.0 (location: C:\Users\Babo\Documents\GitHub\Unity-FinalExam-project\Library\PackageCache\com.unity.modules.vehicles@1.0.0)
    com.unity.modules.video@1.0.0 (location: C:\Users\Babo\Documents\GitHub\Unity-FinalExam-project\Library\PackageCache\com.unity.modules.video@1.0.0)
    com.unity.modules.vr@1.0.0 (location: C:\Users\Babo\Documents\GitHub\Unity-FinalExam-project\Library\PackageCache\com.unity.modules.vr@1.0.0)
    com.unity.modules.wind@1.0.0 (location: C:\Users\Babo\Documents\GitHub\Unity-FinalExam-project\Library\PackageCache\com.unity.modules.wind@1.0.0)
    com.unity.modules.xr@1.0.0 (location: C:\Users\Babo\Documents\GitHub\Unity-FinalExam-project\Library\PackageCache\com.unity.modules.xr@1.0.0)
    com.unity.modules.subsystems@1.0.0 (location: C:\Users\Babo\Documents\GitHub\Unity-FinalExam-project\Library\PackageCache\com.unity.modules.subsystems@1.0.0)
[Subsystems] No new subsystems found in resolved package list.
Package Manager log level set to [2]
[Package Manager] Done registering packages in 0.39 seconds
Refreshing native plugins compatible for Editor in 2832.46 ms, found 3 plugins.
Preloading 0 native plugins for Editor in 0.00 ms.
Initialize engine version: 2022.3.20f1 (61c2feb0970d)
[Subsystems] Discovering subsystems at path C:/Program Files/Unity/Hub/Editor/2022.3.20f1/Editor/Data/Resources/UnitySubsystems
[Subsystems] Discovering subsystems at path C:/Users/Babo/Documents/GitHub/Unity-FinalExam-project/Assets
Forcing GfxDevice: Null
GfxDevice: creating device client; threaded=0; jobified=0
NullGfxDevice:
    Version:  NULL 1.0 [1.0]
    Renderer: Null Device
    Vendor:   Unity Technologies
Shader 'WFX/Transparent Diffuse': fallback shader 'Particles/Alpha Blended' not found
Shader 'WFX/Transparent Specular': fallback shader 'Particles/Alpha Blended' not found
[Licensing::Client] Successfully resolved entitlements
Initialize mono
Mono path[0] = 'C:/Program Files/Unity/Hub/Editor/2022.3.20f1/Editor/Data/Managed'
Mono path[1] = 'C:/Program Files/Unity/Hub/Editor/2022.3.20f1/Editor/Data/MonoBleedingEdge/lib/mono/unityjit-win32'
Mono config path = 'C:/Program Files/Unity/Hub/Editor/2022.3.20f1/Editor/Data/MonoBleedingEdge/etc'
Using monoOptions --debugger-agent=transport=dt_socket,embedding=1,server=y,suspend=n,address=127.0.0.1:56552
Using cacheserver namespaces - metadata:defaultmetadata, artifacts:defaultartifacts
Using cacheserver namespaces - metadata:defaultmetadata, artifacts:defaultartifacts
ImportWorker Server TCP listen port: 0
Begin MonoManager ReloadAssembly
Registering precompiled unity dll's ...
Register platform support module: C:/Program Files/Unity/Hub/Editor/2022.3.20f1/Editor/Data/PlaybackEngines/WindowsStandaloneSupport/UnityEditor.WindowsStandalone.Extensions.dll
Registered in 0.233708 seconds.
- Loaded All Assemblies, in 11.257 seconds
Native extension for WindowsStandalone target not found
Mono: successfully reloaded assembly
- Finished resetting the current domain, in  0.294 seconds
Domain Reload Profiling: 11550ms
	BeginReloadAssembly (8528ms)
		ExecutionOrderSort (0ms)
		DisableScriptedObjects (0ms)
		BackupInstance (0ms)
		ReleaseScriptingObjects (0ms)
		CreateAndSetChildDomain (2ms)
	RebuildCommonClasses (710ms)
	RebuildNativeTypeToScriptingClass (11ms)
	initialDomainReloadingComplete (294ms)
	LoadAllAssembliesAndSetupDomain (1712ms)
		LoadAssemblies (8524ms)
		RebuildTransferFunctionScriptingTraits (0ms)
		AnalyzeDomain (1709ms)
			TypeCache.Refresh (1707ms)
				TypeCache.ScanAssembly (1172ms)
			ScanForSourceGeneratedMonoScriptInfo (0ms)
			ResolveRequiredComponents (1ms)
	FinalizeReload (294ms)
		ReleaseScriptCaches (0ms)
		RebuildScriptCaches (0ms)
		SetupLoadedEditorAssemblies (242ms)
			LogAssemblyErrors (0ms)
			InitializePlatformSupportModulesInManaged (9ms)
			SetLoadedEditorAssemblies (8ms)
			RefreshPlugins (0ms)
			BeforeProcessingInitializeOnLoad (3ms)
			ProcessInitializeOnLoadAttributes (165ms)
			ProcessInitializeOnLoadMethodAttributes (57ms)
			AfterProcessingInitializeOnLoad (0ms)
			EditorAssembliesLoaded (0ms)
		ExecutionOrderSort2 (0ms)
		AwakeInstancesAfterBackupRestoration (0ms)
[Licensing::Client] Successfully resolved entitlements
Application.AssetDatabase Initial Refresh Start
[ScriptCompilation] Requested script compilation because: Assetdatabase observed changes in script compilation related files
info: Microsoft.Hosting.Lifetime[14]
      Now listening on: http://localhost:80
info: Microsoft.Hosting.Lifetime[0]
      Application started. Press Ctrl+C to shut down.
info: Microsoft.Hosting.Lifetime[0]
      Hosting environment: Production
info: Microsoft.Hosting.Lifetime[0]
      Content root path: C:\Users\Babo\Documents\GitHub\Unity-FinalExam-project\
info: Microsoft.AspNetCore.Hosting.Diagnostics[1]
      Request starting HTTP/2 POST http://ilpp/UnityILPP.PostProcessing/Ping application/grpc -
info: Microsoft.AspNetCore.Routing.EndpointMiddleware[0]
      Executing endpoint 'gRPC - /UnityILPP.PostProcessing/Ping'
info: Microsoft.AspNetCore.Routing.EndpointMiddleware[1]
      Executed endpoint 'gRPC - /UnityILPP.PostProcessing/Ping'
info: Microsoft.AspNetCore.Hosting.Diagnostics[2]
      Request finished HTTP/2 POST http://ilpp/UnityILPP.PostProcessing/Ping application/grpc - - 200 - application/grpc 65.0540ms
Starting: C:\Program Files\Unity\Hub\Editor\2022.3.20f1\Editor\Data\bee_backend.exe --dont-print-to-structured-log --ipc --defer-dag-verification --dagfile="Library/Bee/1900b0aE.dag" --continue-on-failure --profile="Library/Bee/backend1.traceevents" ScriptAssemblies
WorkingDir: C:/Users/Babo/Documents/GitHub/Unity-FinalExam-project
DisplayProgressbar: Compiling Scripts
ExitCode: 4 Duration: 1s773ms
Rebuilding DAG because FileSignature timestamp changed: Library/Bee/1900b0aE-inputdata.json
*** Tundra requires additional run (1.73 seconds), 0 items updated, 237 evaluated
Starting: C:\Program Files\Unity\Hub\Editor\2022.3.20f1\Editor\Data\Tools\netcorerun\netcorerun.exe "C:\Program Files\Unity\Hub\Editor\2022.3.20f1\Editor\Data\Tools\BuildPipeline\ScriptCompilationBuildProgram.exe" "Library/Bee/1900b0aE.dag.json" "Library/Bee/1900b0aE-inputdata.json" "Library\Bee\buildprogram0.traceevents"
WorkingDir: C:/Users/Babo/Documents/GitHub/Unity-FinalExam-project
ExitCode: 0 Duration: 2s37ms
Starting: C:\Program Files\Unity\Hub\Editor\2022.3.20f1\Editor\Data\bee_backend.exe --dont-print-to-structured-log --ipc --defer-dag-verification --dagfile="Library/Bee/1900b0aE.dag" --continue-on-failure --dagfilejson="Library\Bee\1900b0aE.dag.json" --profile="Library/Bee/backend2.traceevents" ScriptAssemblies
WorkingDir: C:/Users/Babo/Documents/GitHub/Unity-FinalExam-project
ExitCode: 0 Duration: 27s
Finished compiling graph: 417 nodes, 5211 flattened edges (4585 ToBuild, 72 ToUse), maximum node priority 334
[238/414    0s] WriteText Library/Bee/artifacts/1900b0aE.dag/Assembly-CSharp.rsp
[408/414    2s] Csc Library/Bee/artifacts/1900b0aE.dag/Assembly-CSharp.dll (+2 others)
Assets\SlimUI\Modern Menu 1\Scripts\Managers\UIMenuManager.cs(27,21): warning CS0414: The field 'UIMenuManager.themeIndex' is assigned but its value is never used

Assets\SlimUI\Modern Menu 1\Scripts\Managers\UISettingsManager.cs(53,17): warning CS0414: The field 'UISettingsManager.sliderValue' is assigned but its value is never used
[409/414    0s] CopyFiles Library/ScriptAssemblies/Assembly-CSharp.pdb
[410/414    0s] CopyFiles Library/ScriptAssemblies/Assembly-CSharp.dll
[411/414    0s] Csc Library/Bee/artifacts/1900b0aE.dag/Assembly-CSharp-Editor.dll (+2 others)
[412/414    0s] CopyFiles Library/ScriptAssemblies/Assembly-CSharp-Editor.pdb
[413/414    0s] CopyFiles Library/ScriptAssemblies/Assembly-CSharp-Editor.dll
*** Tundra build success (27.04 seconds), 7 items updated, 414 evaluated
Assets\SlimUI\Modern Menu 1\Scripts\Managers\UIMenuManager.cs(27,21): warning CS0414: The field 'UIMenuManager.themeIndex' is assigned but its value is never used
Assets\SlimUI\Modern Menu 1\Scripts\Managers\UISettingsManager.cs(53,17): warning CS0414: The field 'UISettingsManager.sliderValue' is assigned but its value is never used
AssetDatabase: script compilation time: 32.023270s
Begin MonoManager ReloadAssembly
Total cache size 24969448
Total cache size after purge 24969448
- Loaded All Assemblies, in 11.948 seconds
Refreshing native plugins compatible for Editor in 4.14 ms, found 3 plugins.
Preloading 0 native plugins for Editor in 0.00 ms.
Start importing Assets/Scripts/MemoryPool.cs using Guid(80d78373f1519624c876ca793cf9d704) Importer(-1,00000000000000000000000000000000)  -> (artifact id: '06c1da0e31b5551cbe8e8460ce702d66') in 0.017195 seconds
Start importing Assets/Scripts/Impact.cs using Guid(b081fc4b2108a864fbd139a58273eee9) Importer(-1,00000000000000000000000000000000)  -> (artifact id: '97f95c770390811b7b284a95ef138d70') in 0.002378 seconds
Start importing Assets/Scripts/Bullet.cs using Guid(41765fe5e07098447965addeedd79990) Importer(-1,00000000000000000000000000000000)  -> (artifact id: 'a14e7facb35422e94854daa3a725cfce') in 0.002360 seconds
Start importing Assets/Scripts/InteractionObject.cs using Guid(a108078f56908804d9e77afa7d8beeae) Importer(-1,00000000000000000000000000000000)  -> (artifact id: '70da5fe5884dad84963ee728ed871594') in 0.001921 seconds
Start importing Assets/Scripts/IDamageable.cs using Guid(128a76611255d424d9c15719d5099c49) Importer(-1,00000000000000000000000000000000)  -> (artifact id: '1a349e3ebda97e7fa1b41cf0b45779c9') in 0.014593 seconds
Start importing Assets/Scripts/Score_Manager.cs using Guid(a2110187a3f474e4481580415fa2d634) Importer(-1,00000000000000000000000000000000)  -> (artifact id: '35a5008108c42a4f9a26bc3e996545ad') in 0.002092 seconds
Start importing Assets/Scripts/Casing.cs using Guid(33dcdb88ca206814abe1272837bc0232) Importer(-1,00000000000000000000000000000000)  -> (artifact id: '5108cccfa9f90f03995261b69189dc4c') in 0.002115 seconds
Start importing Assets/Scripts/EnemyFSM.cs using Guid(04293fb02e4259249846ee855102d519) Importer(-1,00000000000000000000000000000000)  -> (artifact id: 'a41550169ed621d8db1f206a3c3cf716') in 0.002562 seconds
Start importing Assets/Scripts/EnemyWanderState.cs using Guid(d48f3ee76fbda8f4890ad26f38d55f21) Importer(-1,00000000000000000000000000000000)  -> (artifact id: '14eb5df0c7e116e68eb1ee5f78c94691') in 0.012077 seconds
Start importing Assets/Scripts/Enemy.cs using Guid(35d13ce05fc3df14ca28bf7f03fb1e8c) Importer(-1,00000000000000000000000000000000)  -> (artifact id: '1769bbb23885c48c55c1c8ae82c6f1e4') in 0.002239 seconds
Start importing Assets/Scripts/EnemyPursuitState.cs using Guid(4781bba8a2d31d547ae9238851db1e30) Importer(-1,00000000000000000000000000000000)  -> (artifact id: '90ab895a4aada241f470c8c358db341d') in 0.010922 seconds
Start importing Assets/Scripts/CasingMemoryPool.cs using Guid(67f6bd54386bbe74aa5696e156332159) Importer(-1,00000000000000000000000000000000)  -> (artifact id: '1ae856cebd18af76b11f803c4c6495d5') in 0.001806 seconds
Start importing Assets/Scripts/WeaponAssualt.cs using Guid(d89659733618b224485148a1967ad361) Importer(-1,00000000000000000000000000000000)  -> (artifact id: '33c4b5e569f973848e3c5f72f3f64866') in 0.001705 seconds
Start importing Assets/Scripts/EnemyAttackState.cs using Guid(59432a21d5c08c84187646c665ba5e7d) Importer(-1,00000000000000000000000000000000)  -> (artifact id: 'f7b7bcfdc77dea1bb048804c4d59d3c7') in 0.012246 seconds
Start importing Assets/Scripts/Enemy_Bullet.cs using Guid(fab6220480fb92342a4b786bf411f0c3) Importer(-1,00000000000000000000000000000000)  -> (artifact id: 'c0d7dc0f957d2341ac945067167f12f2') in 0.003304 seconds
Start importing Assets/Scripts/GameManger.cs using Guid(1bd15d2951e0d494db8e996b91c1db60) Importer(-1,00000000000000000000000000000000)  -> (artifact id: '56ba12fa380dfa41de292660d2204937') in 0.001757 seconds
Start importing Assets/Scripts/ImpactMemoryPool.cs using Guid(6c564911ca3977e429748e546c409375) Importer(-1,00000000000000000000000000000000)  -> (artifact id: '57b17b6f15d3650a9fa1ac44b5b01677') in 0.002004 seconds
Start importing Assets/Scripts/WeaponPistol.cs using Guid(6ce75e20811d45d4f8cc355d3ec4ba5b) Importer(-1,00000000000000000000000000000000)  -> (artifact id: 'f3109372f015a2ce3014f19d45ae27c5') in 0.002135 seconds
Start importing Assets/Scripts/EnemyIdleState.cs using Guid(bc694b66caf927748ba099c0592068d4) Importer(-1,00000000000000000000000000000000)  -> (artifact id: 'be9c2d5dedfd041d880cdff615d757fb') in 0.011886 seconds
Start importing Assets/Scripts/GameEvents.cs using Guid(8dfa4e9514f10de48b1707b664e7df4d) Importer(-1,00000000000000000000000000000000)  -> (artifact id: '5324d677eaa28f407757dcfd1bcfe563') in 0.012321 seconds
Start importing Assets/Scripts/IEnemyState.cs using Guid(bd5047e49d0ecd24a8d64a28659a3000) Importer(-1,00000000000000000000000000000000)  -> (artifact id: '4deb32ebd86027afbb35b4b8707580f8') in 0.014851 seconds
Start importing Assets/Scripts/ObjectPool.cs using Guid(7e1a3b52454a17e4691628f699834e45) Importer(-1,00000000000000000000000000000000)  -> (artifact id: '07feccd0a242263a16e8301684e9da4e') in 0.012483 seconds
Start importing Assets/Scripts/Player_Controller.cs using Guid(beb068faef2b7bb46befd9ecfc27326c) Importer(-1,00000000000000000000000000000000)  -> (artifact id: '29f5885f8a937c7de12fc7bc75384b77') in 0.001963 seconds
Refreshing native plugins compatible for Editor in 3.20 ms, found 3 plugins.
Native extension for WindowsStandalone target not found
[Licensing::Client] Successfully resolved entitlement details
Mono: successfully reloaded assembly
- Finished resetting the current domain, in  5.192 seconds
Domain Reload Profiling: 17138ms
	BeginReloadAssembly (147ms)
		ExecutionOrderSort (0ms)
		DisableScriptedObjects (5ms)
		BackupInstance (0ms)
		ReleaseScriptingObjects (0ms)
		CreateAndSetChildDomain (29ms)
	RebuildCommonClasses (32ms)
	RebuildNativeTypeToScriptingClass (13ms)
	initialDomainReloadingComplete (35ms)
	LoadAllAssembliesAndSetupDomain (11719ms)
		LoadAssemblies (10933ms)
		RebuildTransferFunctionScriptingTraits (0ms)
		AnalyzeDomain (865ms)
			TypeCache.Refresh (843ms)
				TypeCache.ScanAssembly (748ms)
			ScanForSourceGeneratedMonoScriptInfo (16ms)
			ResolveRequiredComponents (5ms)
	FinalizeReload (5193ms)
		ReleaseScriptCaches (0ms)
		RebuildScriptCaches (0ms)
		SetupLoadedEditorAssemblies (5056ms)
			LogAssemblyErrors (0ms)
			InitializePlatformSupportModulesInManaged (4ms)
			SetLoadedEditorAssemblies (5ms)
			RefreshPlugins (0ms)
			BeforeProcessingInitializeOnLoad (40ms)
			ProcessInitializeOnLoadAttributes (4979ms)
			ProcessInitializeOnLoadMethodAttributes (21ms)
			AfterProcessingInitializeOnLoad (7ms)
			EditorAssembliesLoaded (0ms)
		ExecutionOrderSort2 (0ms)
		AwakeInstancesAfterBackupRestoration (10ms)
[Licensing::Client] Successfully resolved entitlements
Refreshing native plugins compatible for Editor in 3.29 ms, found 3 plugins.
Preloading 0 native plugins for Editor in 0.00 ms.
Asset Pipeline Refresh (id=97ad2ab1e62bc284190bc479c27fd106): Total: 75.182 seconds - Initiated by InitialRefreshV2(ForceSynchronousImport)
	Summary:
		Imports: total=23 (actual=23, local cache=0, cache server=0)
		Asset DB Process Time: managed=4 ms, native=25668 ms
		Asset DB Callback time: managed=218 ms, native=10 ms
		Scripting: domain reloads=1, domain reload time=17222 ms, compile time=32023 ms, other=34 ms
		Project Asset Count: scripts=4221, non-scripts=1665
		Asset File Changes: new=8, changed=23, moved=0, deleted=0
		Scan Filter Count: 0
	InvokeBeforeRefreshCallbacks: 0.468ms
	ApplyChangesToAssetFolders: 0.057ms
	Scan: 62.012ms
	OnSourceAssetsModified: 2.463ms
	GetAllGuidsForCategorization: 0.892ms
	CategorizeAssets: 110.502ms
	ImportOutOfDateAssets: 5584.277ms (-26788.103ms without children)
		ImportManagerImport: 326.304ms (171.982ms without children)
			ImportInProcess: 154.306ms
			UpdateCategorizedAssets: 0.016ms
		CompileScripts: 32023.367ms
		ReloadNativeAssets: 0.001ms
		UnloadImportedAssets: 19.247ms
		ReloadImportedAssets: 0.004ms
		EnsureUptoDateAssetsAreRegisteredWithGuidPM: 2.051ms
		InitializingProgressBar: 0.533ms
		PostProcessAllAssetNotificationsAddChangedAssets: 0.001ms
		OnDemandSchedulerStart: 0.873ms
	PostProcessAllAssets: 220.694ms
	Hotreload: 4.925ms
	GatherAllCurrentPrimaryArtifactRevisions: 0.000ms
	UnloadStreamsBegin: 1.012ms
	PersistCurrentRevisions: 0.329ms
	UnloadStreamsEnd: 0.039ms
	GenerateScriptTypeHashes: 2.044ms
	Untracked: 69194.158ms
Application.AssetDatabase Initial Refresh End
Shader 'WFX/Transparent Specular': fallback shader 'Particles/Alpha Blended' not found
Shader 'WFX/Transparent Diffuse': fallback shader 'Particles/Alpha Blended' not found
Scanning for USB devices : 5.922ms
Initializing Unity extensions:
[Licensing::Client] Successfully resolved entitlements
[MODES] ModeService[none].Initialize
[MODES] ModeService[none].LoadModes
[MODES] Loading mode Default (0) for mode-current-id-My project (1)
ProgressiveSceneManager::Cancel()
Unloading 15 Unused Serialized files (Serialized files now loaded: 0)
Unloading 70 unused Assets / (495.8 KB). Loaded Objects now: 4060.
Memory consumption went from 128.5 MB to 128.0 MB.
Total: 15.080000 ms (FindLiveObjects: 0.258800 ms CreateObjectMapping: 0.082300 ms MarkObjects: 14.416200 ms  DeleteObjects: 0.321700 ms)

Batchmode quit successfully invoked - shutting down!
Curl error 42: Callback aborted
[Licensing::IpcConnector] License Notification channel disconnected successfully.
[Licensing::IpcConnector] License Client channel disconnected successfully.
Cleanup mono
abort_threads: Failed aborting id: 0000000000008088, mono_thread_manage will ignore it

abort_threads: Failed aborting id: 0000000000002F98, mono_thread_manage will ignore it

abort_threads: Failed aborting id: 0000000000002298, mono_thread_manage will ignore it

abort_threads: Failed aborting id: 0000000000008088, mono_thread_manage will ignore it

abort_threads: Failed aborting id: 0000000000002F98, mono_thread_manage will ignore it

abort_threads: Failed aborting id: 0000000000002298, mono_thread_manage will ignore it

debugger-agent: Unable to listen on 5540
[Performance] WinEditorMain                                                                                                  :        1 samples, Peak.  4.25 s (1.0x), Avg.  4.25 s, Total. 4.249 s (4.3%)
[Performance] WinEditorMain.ConfigureCrashHandler                                                                            :        1 samples, Peak.  25.4 us (1.0x), Avg.  25.4 us, Total. 25.40 us (0.0%)
[Performance] WinEditorMain.CurlRequestInitialize                                                                            :        1 samples, Peak.  2.80 ms (1.0x), Avg.  2.80 ms, Total. 2.800 ms (0.0%)
[Performance] WinEditorMain.SetupLogFile                                                                                     :        1 samples, Peak.   461 us (1.0x), Avg.   461 us, Total. 461.5 us (0.0%)
[Performance] WinEditorMain.RunNativeTestsIfRequiredAndExit                                                                  :        1 samples, Peak.   100 ns (1.0x), Avg.   100 ns, Total. 100.0 ns (0.0%)
[Performance] WinEditorMain.Licensing                                                                                        :        1 samples, Peak.  4.21 s (1.0x), Avg.  4.21 s, Total. 4.213 s (4.3%)
[Performance] WinEditorMain.InitializeCrashHandler                                                                           :        1 samples, Peak.  25.9 ms (1.0x), Avg.  25.9 ms, Total. 25.94 ms (0.0%)
[Performance] WinEditorMain.CreateApplication                                                                                :        1 samples, Peak.  1.78 ms (1.0x), Avg.  1.78 ms, Total. 1.776 ms (0.0%)
[Performance] Application.InitializeProject                                                                                  :        1 samples, Peak.  93.1 s (1.0x), Avg.  93.1 s, Total. 93.14 s (95.1%)
[Performance] Application.PackageManager.StartServer                                                                         :        1 samples, Peak.  16.8 ms (1.0x), Avg.  16.8 ms, Total. 16.77 ms (0.0%)
[Performance] Application.AcquireProjectLock                                                                                 :        1 samples, Peak.  10.2 ms (1.0x), Avg.  10.2 ms, Total. 10.18 ms (0.0%)
[Performance] Application.InitializeEngineNoGraphics                                                                         :        1 samples, Peak.   223 ms (1.0x), Avg.   223 ms, Total. 222.6 ms (0.2%)
[Performance] Application.PackageManager.Initialize                                                                          :        1 samples, Peak.   941 ms (1.0x), Avg.   941 ms, Total. 940.6 ms (1.0%)
[Performance] Connecting to Package Manager                                                                                  :       95 samples, Peak.   106 us (31.9x), Avg.  3.34 us, Total. 317.1 us (0.0%)
[Performance] Application.EngineGraphics.Initialize                                                                          :        1 samples, Peak.   532 ms (1.0x), Avg.   532 ms, Total. 532.1 ms (0.5%)
[Performance] Application.GI.Initialize                                                                                      :        1 samples, Peak.  38.1 ms (1.0x), Avg.  38.1 ms, Total. 38.06 ms (0.0%)
[Performance] Application.LoadAllDefaultResourcesFromEditor                                                                  :        1 samples, Peak.  2.37 ms (1.0x), Avg.  2.37 ms, Total. 2.373 ms (0.0%)
[Performance] Application.LoadMonoAssemblies                                                                                 :        1 samples, Peak.  11.6 s (1.0x), Avg.  11.6 s, Total. 11.58 s (11.8%)
[Performance] RestoreManagedReferences                                                                                       :        2 samples, Peak.  33.0 ms (2.0x), Avg.  16.5 ms, Total. 32.96 ms (0.0%)
[Performance] InitializeOnLoad CacheServerWindow                                                                             :        2 samples, Peak.   456 us (1.5x), Avg.   302 us, Total. 603.5 us (0.0%)
[Performance] InitializeOnLoad ProjectSearch                                                                                 :        2 samples, Peak.   148 us (1.0x), Avg.   142 us, Total. 283.8 us (0.0%)
[Performance] InitializeOnLoad SettingsService                                                                               :        2 samples, Peak.  12.5 us (1.2x), Avg.  10.1 us, Total. 20.30 us (0.0%)
[Performance] InitializeOnLoad CloudBuild                                                                                    :        2 samples, Peak.  2.90 us (1.0x), Avg.  2.80 us, Total. 5.600 us (0.0%)
[Performance] InitializeOnLoad MixerEffectDefinitionReloader                                                                 :        2 samples, Peak.  4.25 ms (1.4x), Avg.  3.05 ms, Total. 6.097 ms (0.0%)
[Performance] InitializeOnLoad EditMode                                                                                      :        2 samples, Peak.  1.21 ms (1.4x), Avg.   856 us, Total. 1.713 ms (0.0%)
[Performance] InitializeOnLoad UISystemProfilerRenderService                                                                 :        2 samples, Peak.  16.2 us (1.2x), Avg.  13.0 us, Total. 26.00 us (0.0%)
[Performance] InitializeOnLoad SceneSearch                                                                                   :        2 samples, Peak.   365 us (1.5x), Avg.   239 us, Total. 477.9 us (0.0%)
[Performance] InitializeOnLoad AddComponentWindow                                                                            :        2 samples, Peak.   104 us (1.0x), Avg.   102 us, Total. 204.2 us (0.0%)
[Performance] InitializeOnLoad NativeFormatImporterUtility                                                                   :        2 samples, Peak.  2.23 ms (1.2x), Avg.  1.89 ms, Total. 3.784 ms (0.0%)
[Performance] InitializeOnLoad DrivenRectTransformUndo                                                                       :        2 samples, Peak.   200 us (1.0x), Avg.   197 us, Total. 393.4 us (0.0%)
[Performance] InitializeOnLoad PrefabInstanceChangedListener                                                                 :        2 samples, Peak.   124 us (1.1x), Avg.   117 us, Total. 235.0 us (0.0%)
[Performance] InitializeOnLoad UnityConnect                                                                                  :        2 samples, Peak.  45.6 us (1.1x), Avg.  43.0 us, Total. 86.00 us (0.0%)
[Performance] InitializeOnLoad SearchService                                                                                 :        2 samples, Peak.  97.6 us (1.0x), Avg.  97.0 us, Total. 194.0 us (0.0%)
[Performance] InitializeOnLoad ObjectSelectorSearch                                                                          :        2 samples, Peak.  46.9 us (1.1x), Avg.  42.7 us, Total. 85.30 us (0.0%)
[Performance] InitializeOnLoad MenuItems                                                                                     :        2 samples, Peak.   957 us (1.4x), Avg.   683 us, Total. 1.366 ms (0.0%)
[Performance] InitializeOnLoad ManagedDebuggerWindow                                                                         :        2 samples, Peak.   915 us (1.2x), Avg.   755 us, Total. 1.511 ms (0.0%)
[Performance] InitializeOnLoad WindowLayout                                                                                  :        2 samples, Peak.  35.5 us (1.1x), Avg.  33.2 us, Total. 66.30 us (0.0%)
[Performance] InitializeOnLoad AssetStoreContext                                                                             :        2 samples, Peak.  23.1 ms (1.1x), Avg.  21.6 ms, Total. 43.28 ms (0.0%)
[Performance] InitializeOnLoad ShortcutIntegration                                                                           :        2 samples, Peak.  66.9 us (1.0x), Avg.  64.9 us, Total. 129.9 us (0.0%)
[Performance] InitializeOnLoad PlayModeDownload                                                                              :        2 samples, Peak.  4.77 ms (1.9x), Avg.  2.49 ms, Total. 4.975 ms (0.0%)
[Performance] InitializeOnLoad ManagedDebugger                                                                               :        2 samples, Peak.  1.60 us (1.4x), Avg.  1.15 us, Total. 2.300 us (0.0%)
[Performance] InitializeOnLoad EditorMonitor                                                                                 :        2 samples, Peak.   651 us (1.1x), Avg.   619 us, Total. 1.237 ms (0.0%)
[Performance] InitializeOnLoad RetainedMode                                                                                  :        2 samples, Peak.  2.56 ms (1.1x), Avg.  2.23 ms, Total. 4.461 ms (0.0%)
[Performance] InitializeOnLoad EditorShaderLoader                                                                            :        2 samples, Peak.  1.07 ms (1.3x), Avg.   820 us, Total. 1.640 ms (0.0%)
[Performance] InitializeOnLoad EditorDelegateRegistration                                                                    :        2 samples, Peak.   662 us (1.2x), Avg.   559 us, Total. 1.118 ms (0.0%)
[Performance] InitializeOnLoad LiveReloadTrackerCreator                                                                      :        2 samples, Peak.   162 us (1.0x), Avg.   156 us, Total. 312.1 us (0.0%)
[Performance] InitializeOnLoad UxmlObjectEditorFactories                                                                     :        2 samples, Peak.   475 us (1.1x), Avg.   423 us, Total. 845.4 us (0.0%)
[Performance] InitializeOnLoad UIDocumentHierarchyWatcher                                                                    :        2 samples, Peak.  80.7 us (1.0x), Avg.  80.1 us, Total. 160.3 us (0.0%)
[Performance] InitializeOnLoad UXMLEditorFactories                                                                           :        2 samples, Peak.  56.1 ms (1.0x), Avg.  53.6 ms, Total. 107.3 ms (0.1%)
[Performance] InitializeOnLoad BuildService                                                                                  :        2 samples, Peak.  6.70 ms (1.1x), Avg.  5.90 ms, Total. 11.81 ms (0.0%)
[Performance] InitializeOnLoad AdsService                                                                                    :        2 samples, Peak.  3.33 ms (1.1x), Avg.  3.15 ms, Total. 6.306 ms (0.0%)
[Performance] InitializeOnLoad UDPService                                                                                    :        2 samples, Peak.  3.06 ms (1.1x), Avg.  2.79 ms, Total. 5.574 ms (0.0%)
[Performance] InitializeOnLoad EditorGameServicesAnalytics                                                                   :        2 samples, Peak.  3.39 ms (1.6x), Avg.  2.11 ms, Total. 4.228 ms (0.0%)
[Performance] InitializeOnLoad ServicesRepository                                                                            :        2 samples, Peak.  1.50 us (1.5x), Avg.  1000 ns, Total. 2.000 us (0.0%)
[Performance] InitializeOnLoad CrashService                                                                                  :        2 samples, Peak.  3.43 ms (1.1x), Avg.  3.22 ms, Total. 6.437 ms (0.0%)
[Performance] InitializeOnLoad PurchasingService                                                                             :        2 samples, Peak.  8.16 ms (1.1x), Avg.  7.45 ms, Total. 14.91 ms (0.0%)
[Performance] InitializeOnLoad AnalyticsService                                                                              :        2 samples, Peak.  3.97 ms (1.2x), Avg.  3.28 ms, Total. 6.569 ms (0.0%)
[Performance] InitializeOnLoad CloudBuildPoller                                                                              :        2 samples, Peak.   236 us (1.2x), Avg.   194 us, Total. 387.4 us (0.0%)
[Performance] InitializeOnLoad SearchWindow                                                                                  :        2 samples, Peak.   370 us (1.5x), Avg.   240 us, Total. 479.3 us (0.0%)
[Performance] InitializeOnLoad CustomIndexers                                                                                :        2 samples, Peak.  29.9 ms (1.4x), Avg.  21.7 ms, Total. 43.48 ms (0.0%)
[Performance] InitializeOnLoad SearchMonitor                                                                                 :        2 samples, Peak.  1.67 ms (1.3x), Avg.  1.34 ms, Total. 2.670 ms (0.0%)
[Performance] InitializeOnLoad ParameterControllerEditor                                                                     :        2 samples, Peak.  29.8 us (1.2x), Avg.  24.1 us, Total. 48.20 us (0.0%)
[Performance] InitializeOnLoad LayerSettingsWindow                                                                           :        2 samples, Peak.  7.30 us (1.3x), Avg.  5.50 us, Total. 11.00 us (0.0%)
[Performance] InitializeOnLoad PackageManagerHookGUIDConverter.RegisterPackagesEventHandler                                  :        2 samples, Peak.  1.18 ms (1.8x), Avg.   659 us, Total. 1.318 ms (0.0%)
[Performance] InitializeOnLoad EditorDragAndDrop.RegisterEditorClient                                                        :        2 samples, Peak.   229 us (1.1x), Avg.   204 us, Total. 407.3 us (0.0%)
[Performance] InitializeOnLoad EditorEventCallbacks.InitializeFontAssetResourceChangeCallBacks                               :        2 samples, Peak.  1.04 ms (1.0x), Avg.   992 us, Total. 1.985 ms (0.0%)
[Performance] InitializeOnLoad SceneTemplateService.Init                                                                     :        2 samples, Peak.  1.62 ms (1.2x), Avg.  1.31 ms, Total. 2.620 ms (0.0%)
[Performance] InitializeOnLoad DiagnosticSwitchesConsoleMessage.Init                                                         :        2 samples, Peak.  9.86 ms (1.9x), Avg.  5.15 ms, Total. 10.30 ms (0.0%)
[Performance] InitializeOnLoad RectSelection.RegisterShortcutContext                                                         :        2 samples, Peak.   199 us (1.0x), Avg.   194 us, Total. 387.6 us (0.0%)
[Performance] InitializeOnLoad SceneViewMotion.RegisterShortcutContexts                                                      :        2 samples, Peak.   109 us (1.0x), Avg.   104 us, Total. 207.5 us (0.0%)
[Performance] InitializeOnLoad ToolShortcutContext.Init                                                                      :        2 samples, Peak.   177 us (1.3x), Avg.   135 us, Total. 270.2 us (0.0%)
[Performance] InitializeOnLoad SceneVisibilityManager.Initialize                                                             :        2 samples, Peak.  4.95 ms (1.7x), Avg.  2.97 ms, Total. 5.941 ms (0.0%)
[Performance] InitializeOnLoad ScopedRegistryAddedPopup.SubscribeToRegistriesAdded                                           :        2 samples, Peak.  33.0 ms (1.6x), Avg.  20.0 ms, Total. 40.06 ms (0.0%)
[Performance] InitializeOnLoad PackageManagerWindow.EditorInitializedInSafeMode                                              :        2 samples, Peak.   174 us (1.1x), Avg.   164 us, Total. 327.5 us (0.0%)
[Performance] InitializeOnLoad SysrootManager.Initialize                                                                     :        2 samples, Peak.   470 us (1.0x), Avg.   454 us, Total. 907.2 us (0.0%)
[Performance] InitializeOnLoad EditorWindow.Initialize                                                                       :        2 samples, Peak.   207 us (1.1x), Avg.   194 us, Total. 387.4 us (0.0%)
[Performance] InitializeOnLoad MemoryProfilerCompilationGuard.InjectCompileGuard                                             :        2 samples, Peak.   137 us (1.0x), Avg.   133 us, Total. 266.7 us (0.0%)
[Performance] InitializeOnLoad AssetPostprocessingInternal.RefreshCustomDependencies                                         :        2 samples, Peak.  2.23 ms (1.3x), Avg.  1.73 ms, Total. 3.451 ms (0.0%)
[Performance] AssemblyReloadEvents.afterAssemblyReload: UnityEditor.SceneTemplate.SceneTemplateService.AfterAssemblyReload   :        2 samples, Peak.  4.82 ms (1.9x), Avg.  2.54 ms, Total. 5.084 ms (0.0%)
[Performance] ProcessService.EditorAfterLoadAllAssemblies                                                                    :        2 samples, Peak.   308 us (1.2x), Avg.   267 us, Total. 533.4 us (0.0%)
[Performance] Application.ReadLicenseInfo                                                                                    :        1 samples, Peak.  15.3 ms (1.0x), Avg.  15.3 ms, Total. 15.27 ms (0.0%)
[Performance] Application.InitialRefresh                                                                                     :        1 samples, Peak.  75.2 s (1.0x), Avg.  75.2 s, Total. 75.18 s (76.8%)
[Performance] BuilderAssetModificationProcessor.OnWillCreateAsset                                                            :        8 samples, Peak.   823 us (7.2x), Avg.   114 us, Total. 914.3 us (0.0%)
[Performance] ShaderImporter.SourceAssetModified                                                                             :        2 samples, Peak.  1.20 us (1.2x), Avg.  1000 ns, Total. 2.000 us (0.0%)
[Performance] ShaderIncludeImporter.SourceAssetModified                                                                      :        2 samples, Peak.  2.50 us (1.1x), Avg.  2.20 us, Total. 4.400 us (0.0%)
[Performance] Compiling Scripts                                                                                              :        1 samples, Peak.  32.0 s (1.0x), Avg.  32.0 s, Total. 32.02 s (32.7%)
[Performance] AssemblyReloadEvents.beforeAssemblyReload: UnityEditor.SceneTemplate.SceneTemplateService.BeforeAssemblyReload :        1 samples, Peak.  1.09 ms (1.0x), Avg.  1.09 ms, Total. 1.086 ms (0.0%)
[Performance] PresetManagerPostProcessor.OnPreprocessAsset                                                                   :       23 samples, Peak.  1.39 ms (16.0x), Avg.  86.8 us, Total. 1.996 ms (0.0%)
[Performance] CancelSplashScreenOnAssetChange.OnPreprocessAsset                                                              :       23 samples, Peak.   646 us (21.2x), Avg.  30.5 us, Total. 701.3 us (0.0%)
[Performance] InitializeOnLoad PlasticPlugin                                                                                 :        1 samples, Peak.   241 ms (1.0x), Avg.   241 ms, Total. 241.2 ms (0.2%)
[Performance] InitializeOnLoad VSUsageUtility                                                                                :        1 samples, Peak.  3.74 s (1.0x), Avg.  3.74 s, Total. 3.740 s (3.8%)
[Performance] InitializeOnLoad ToolbarBootstrap                                                                              :        1 samples, Peak.   811 ms (1.0x), Avg.   811 ms, Total. 811.3 ms (0.8%)
[Performance] Package.AsyncRequest                                                                                           :        8 samples, Peak.  2.22 ms (8.0x), Avg.   279 us, Total. 2.229 ms (0.0%)
[Performance] InitializeOnLoad BackgroundWatcher                                                                             :        1 samples, Peak.   223 us (1.0x), Avg.   223 us, Total. 223.5 us (0.0%)
[Performance] InitializeOnLoad UnityTestProtocolStarter                                                                      :        1 samples, Peak.   751 us (1.0x), Avg.   751 us, Total. 751.2 us (0.0%)
[Performance] InitializeOnLoad TestStarter                                                                                   :        1 samples, Peak.   662 us (1.0x), Avg.   662 us, Total. 661.9 us (0.0%)
[Performance] InitializeOnLoad RerunCallbackInitializer                                                                      :        1 samples, Peak.  3.10 ms (1.0x), Avg.  3.10 ms, Total. 3.100 ms (0.0%)
[Performance] InitializeOnLoad VisualStudioEditor                                                                            :        1 samples, Peak.  16.9 ms (1.0x), Avg.  16.9 ms, Total. 16.93 ms (0.0%)
[Performance] InitializeOnLoad TestRunnerApiListener                                                                         :        1 samples, Peak.   674 us (1.0x), Avg.   674 us, Total. 673.9 us (0.0%)
[Performance] InitializeOnLoad VisualStudioIntegration                                                                       :        1 samples, Peak.  2.17 ms (1.0x), Avg.  2.17 ms, Total. 2.172 ms (0.0%)
[Performance] InitializeOnLoad PrefabLayoutRebuilder                                                                         :        1 samples, Peak.   232 us (1.0x), Avg.   232 us, Total. 232.4 us (0.0%)
[Performance] InitializeOnLoad RiderScriptEditor                                                                             :        1 samples, Peak.  5.12 ms (1.0x), Avg.  5.12 ms, Total. 5.120 ms (0.0%)
[Performance] InitializeOnLoad CallbackInitializer                                                                           :        1 samples, Peak.  1.19 ms (1.0x), Avg.  1.19 ms, Total. 1.190 ms (0.0%)
[Performance] InitializeOnLoad SpriteEditorWindow                                                                            :        1 samples, Peak.   407 us (1.0x), Avg.   407 us, Total. 407.2 us (0.0%)
[Performance] InitializeOnLoad CoverageReporterStarter                                                                       :        1 samples, Peak.  13.7 ms (1.0x), Avg.  13.7 ms, Total. 13.74 ms (0.0%)
[Performance] InitializeOnLoad DefineSetter                                                                                  :        1 samples, Peak.  4.53 ms (1.0x), Avg.  4.53 ms, Total. 4.531 ms (0.0%)
[Performance] InitializeOnLoad NavigationWindow                                                                              :        1 samples, Peak.   646 us (1.0x), Avg.   646 us, Total. 646.3 us (0.0%)
[Performance] InitializeOnLoad VSCodeScriptEditor                                                                            :        1 samples, Peak.  2.61 ms (1.0x), Avg.  2.61 ms, Total. 2.608 ms (0.0%)
[Performance] InitializeOnLoad TestJobDataHolder.ResumeRunningJobs                                                           :        1 samples, Peak.   967 us (1.0x), Avg.   967 us, Total. 967.3 us (0.0%)
[Performance] InitializeOnLoad AnalyticsReporter.RegisterCallbacks                                                           :        1 samples, Peak.   302 us (1.0x), Avg.   302 us, Total. 302.4 us (0.0%)
[Performance] InitializeOnLoad VisualStudioEditor.LegacyVisualStudioCodePackageDisabler                                      :        1 samples, Peak.  5.08 ms (1.0x), Avg.  5.08 ms, Total. 5.082 ms (0.0%)
[Performance] DidReloadScriptsEditorUtilities.OnEditorReload                                                                 :        1 samples, Peak.  2.21 ms (1.0x), Avg.  2.21 ms, Total. 2.209 ms (0.0%)
[Performance] DidReloadScriptsTestRunnerWindow.CompilationCallback                                                           :        1 samples, Peak.   884 us (1.0x), Avg.   884 us, Total. 883.6 us (0.0%)
[Performance] DidReloadScriptsTestListCache.ScriptReloaded                                                                   :        1 samples, Peak.  1.56 ms (1.0x), Avg.  1.56 ms, Total. 1.561 ms (0.0%)
[Performance] DidReloadScriptsPostProcessManager.OnEditorReload                                                              :        1 samples, Peak.  19.7 ms (1.0x), Avg.  19.7 ms, Total. 19.70 ms (0.0%)
[Performance] DidReloadScriptsAdvancedDropdownWindow.OnScriptReload                                                          :        1 samples, Peak.   257 us (1.0x), Avg.   257 us, Total. 256.8 us (0.0%)
[Performance] AssetDatabase.ImportAssets                                                                                     :        3 samples, Peak.   900 ns (1.6x), Avg.   567 ns, Total. 1.700 us (0.0%)
[Performance] VersionControl.Task.Wait                                                                                       :        1 samples, Peak.   281 us (1.0x), Avg.   281 us, Total. 281.4 us (0.0%)
[Performance] TMPro_TexturePostProcessor.OnPostprocessAllAssets                                                              :        2 samples, Peak.   895 us (1.1x), Avg.   835 us, Total. 1.669 ms (0.0%)
[Performance] AssetPostprocessor.OnPostprocessAllAssets                                                                      :        2 samples, Peak.   248 us (1.0x), Avg.   246 us, Total. 492.5 us (0.0%)
[Performance] BuilderAssetPostprocessor.OnPostprocessAllAssets                                                               :        2 samples, Peak.  2.55 ms (1.0x), Avg.  2.55 ms, Total. 5.097 ms (0.0%)
[Performance] ArtifactBrowserPostProcessor.OnPostprocessAllAssets                                                            :        2 samples, Peak.   308 us (1.0x), Avg.   306 us, Total. 612.2 us (0.0%)
[Performance] AssetEvents.OnPostprocessAllAssets                                                                             :        4 samples, Peak.   206 us (1.6x), Avg.   129 us, Total. 517.9 us (0.0%)
[Performance] AudioMixerPostprocessor.OnPostprocessAllAssets                                                                 :        2 samples, Peak.   257 us (1.0x), Avg.   256 us, Total. 511.4 us (0.0%)
[Performance] StyleCatalogPostProcessor.OnPostprocessAllAssets                                                               :        2 samples, Peak.  45.4 ms (1.0x), Avg.  45.4 ms, Total. 90.76 ms (0.1%)
[Performance] BuildCatalog                                                                                                   :        1 samples, Peak.  44.0 ms (1.0x), Avg.  44.0 ms, Total. 44.03 ms (0.0%)
[Performance] ModelImporterPostProcessor.OnPostprocessAllAssets                                                              :        2 samples, Peak.  1.42 ms (1.0x), Avg.  1.42 ms, Total. 2.836 ms (0.0%)
[Performance] CubeLutAssetImporter.OnPostprocessAllAssets                                                                    :        2 samples, Peak.   447 us (1.0x), Avg.   443 us, Total. 886.5 us (0.0%)
[Performance] RetainedModeAssetPostprocessor.OnPostprocessAllAssets                                                          :        2 samples, Peak.  1.53 ms (1.0x), Avg.  1.53 ms, Total. 3.053 ms (0.0%)
[Performance] AssetChangedListener.OnPostprocessAllAssets                                                                    :        2 samples, Peak.  1.33 ms (1.0x), Avg.  1.32 ms, Total. 2.648 ms (0.0%)
[Performance] SpeedTreePostProcessor.OnPostprocessAllAssets                                                                  :        2 samples, Peak.   197 us (1.0x), Avg.   195 us, Total. 390.6 us (0.0%)
[Performance] TextAssetPostProcessor.OnPostprocessAllAssets                                                                  :        2 samples, Peak.   386 us (1.0x), Avg.   384 us, Total. 768.5 us (0.0%)
[Performance] SpriteEditorTexturePostprocessor.OnPostprocessAllAssets                                                        :        2 samples, Peak.   246 us (1.0x), Avg.   244 us, Total. 488.7 us (0.0%)
[Performance] SyncVS.PostprocessSyncProject                                                                                  :        1 samples, Peak.   152 ms (1.0x), Avg.   152 ms, Total. 152.1 ms (0.2%)
[Performance] EditorApplication.projectChanged: UnityEditor.Audio.MixerEffectDefinitionReloader.OnProjectChanged             :        1 samples, Peak.   332 us (1.0x), Avg.   332 us, Total. 331.6 us (0.0%)
[Performance] EditorApplication.projectChanged: Unity.VisualScripting.EditorApplicationUtility.OnProjectChange               :        1 samples, Peak.   101 us (1.0x), Avg.   101 us, Total. 101.3 us (0.0%)
[Performance] Application.ImportPackagesAndSetTemplateWhenCreatingProject                                                    :        1 samples, Peak.  34.3 ms (1.0x), Avg.  34.3 ms, Total. 34.29 ms (0.0%)
[Performance] Application.SyncCurrentColorSpace                                                                              :        1 samples, Peak.  17.9 ms (1.0x), Avg.  17.9 ms, Total. 17.93 ms (0.0%)
[Performance] Application.OnUsbDevicesChanged                                                                                :        1 samples, Peak.  6.00 ms (1.0x), Avg.  6.00 ms, Total. 6.002 ms (0.0%)
[Performance] Application.AssetInstanceCacheUpdate                                                                           :        1 samples, Peak.   500 ns (1.0x), Avg.   500 ns, Total. 500.0 ns (0.0%)
[Performance] Application.UnityExtensions.Initialize                                                                         :        1 samples, Peak.  4.30 ms (1.0x), Avg.  4.30 ms, Total. 4.295 ms (0.0%)
[Performance] CodeEditorProjectSync.SyncEditorProject                                                                        :        1 samples, Peak.  79.9 ms (1.0x), Avg.  79.9 ms, Total. 79.90 ms (0.1%)
[Performance] Application.ExecuteStartups                                                                                    :        1 samples, Peak.  70.7 ms (1.0x), Avg.  70.7 ms, Total. 70.66 ms (0.1%)
[Performance] Menu.RegisterMenuInterface                                                                                     :       26 samples, Peak.  1.70 us (5.7x), Avg.   300 ns, Total. 7.800 us (0.0%)
[Performance] Gizmo.RebuildRenderers                                                                                         :        1 samples, Peak.  68.4 ms (1.0x), Avg.  68.4 ms, Total. 68.45 ms (0.1%)
[Performance] Gizmo.AddGizmoRenderers                                                                                        :       65 samples, Peak.  1.69 ms (43.1x), Avg.  39.1 us, Total. 2.544 ms (0.0%)
[Performance] Application.editorInitializingProject                                                                          :        1 samples, Peak.   168 ms (1.0x), Avg.   168 ms, Total. 168.1 ms (0.2%)
[Performance] Application.InitializeMenu                                                                                     :        1 samples, Peak.   130 ms (1.0x), Avg.   130 ms, Total. 130.1 ms (0.1%)
[Performance] Menu.RebuildAll                                                                                                :        1 samples, Peak.   130 ms (1.0x), Avg.   130 ms, Total. 130.1 ms (0.1%)
[Performance] Menu.BuildRegisteredMenuInterfaces                                                                             :        1 samples, Peak.   127 ms (1.0x), Avg.   127 ms, Total. 126.7 ms (0.1%)
[Performance] Menu.FilterMenuItem                                                                                            :      674 samples, Peak.  48.0 ms (670.1x), Avg.  71.6 us, Total. 48.29 ms (0.0%)
[Performance] UpdateAllMenus                                                                                                 :        1 samples, Peak.   586 us (1.0x), Avg.   586 us, Total. 586.3 us (0.0%)
[Performance] Menu.RebuildOSMainMenu                                                                                         :        2 samples, Peak.  2.60 ms (1.0x), Avg.  2.57 ms, Total. 5.131 ms (0.0%)
[Performance] EditorSceneManager.sceneClosing: UnityEditor.SceneVisibilityManager.EditorSceneManagerOnSceneClosing           :        1 samples, Peak.   253 us (1.0x), Avg.   253 us, Total. 253.3 us (0.0%)
[Performance] GUIView.RepaintAll.PlayerLoopController                                                                        :        1 samples, Peak.   700 ns (1.0x), Avg.   700 ns, Total. 700.0 ns (0.0%)
[Performance] EditorSceneManager.newSceneCreated: UnityEditor.SceneTemplate.SceneTemplateService.OnNewSceneCreated           :        1 samples, Peak.   397 us (1.0x), Avg.   397 us, Total. 396.6 us (0.0%)
[Performance] EditorSceneManager.newSceneCreated: UnityEditor.SceneVisibilityManager.EditorSceneManagerOnNewSceneCreated     :        1 samples, Peak.   338 us (1.0x), Avg.   338 us, Total. 338.3 us (0.0%)
[Performance] EditorSceneManager.newSceneCreated: UnityEditor.SceneManagement.StageNavigationManager.OnNewSceneCreated       :        1 samples, Peak.  67.9 us (1.0x), Avg.  67.9 us, Total. 67.90 us (0.0%)
[Performance] Application.InvokeFinishedLoadingProject                                                                       :        1 samples, Peak.  13.8 ms (1.0x), Avg.  13.8 ms, Total. 13.79 ms (0.0%)
[Performance] ProcessService.OnProjectLoaded                                                                                 :        1 samples, Peak.  50.8 us (1.0x), Avg.  50.8 us, Total. 50.80 us (0.0%)
[Performance] EditorApplication.quitting: UnityEditor.SettingsManagement.FileSettingsRepository.Save                         :        1 samples, Peak.  2.42 ms (1.0x), Avg.  2.42 ms, Total. 2.419 ms (0.0%)
[Performance] EditorApplication.quitting: callback in UnityEditor.TextCore.Text.EditorEventCallbacks                         :        1 samples, Peak.  11.3 ms (1.0x), Avg.  11.3 ms, Total. 11.30 ms (0.0%)
[Performance] Application.Shutdown.PauseProfilerSession                                                                      :        1 samples, Peak.  43.2 us (1.0x), Avg.  43.2 us, Total. 43.20 us (0.0%)
[Performance] Application.Shutdown.PauseAssetImportWorkers                                                                   :        1 samples, Peak.   234 us (1.0x), Avg.   234 us, Total. 233.7 us (0.0%)
[Performance] Application.Shutdown.SaveAssets                                                                                :        1 samples, Peak.  10.5 ms (1.0x), Avg.  10.5 ms, Total. 10.46 ms (0.0%)
[Performance] StateMacroSavedEvent.OnWillSaveAssets                                                                          :        1 samples, Peak.   154 us (1.0x), Avg.   154 us, Total. 153.7 us (0.0%)
[Performance] FlowMacroSavedEvent.OnWillSaveAssets                                                                           :        1 samples, Peak.   130 us (1.0x), Avg.   130 us, Total. 130.0 us (0.0%)
[Performance] AssetModificationProcessor.OnWillSaveAssets                                                                    :        1 samples, Peak.   353 us (1.0x), Avg.   353 us, Total. 352.8 us (0.0%)
[Performance] BuilderAssetModificationProcessor.OnWillSaveAssets                                                             :        1 samples, Peak.   344 us (1.0x), Avg.   344 us, Total. 344.2 us (0.0%)
[Performance] TerrainModificationProcessor.OnWillSaveAssets                                                                  :        1 samples, Peak.   507 us (1.0x), Avg.   507 us, Total. 507.3 us (0.0%)
[Performance] Application.Shutdown.CleanupRenderPipeline                                                                     :        1 samples, Peak.  11.0 us (1.0x), Avg.  11.0 us, Total. 11.00 us (0.0%)
[Performance] Application.Shutdown.StopPreloadManager                                                                        :        1 samples, Peak.  9.69 ms (1.0x), Avg.  9.69 ms, Total. 9.686 ms (0.0%)
[Performance] Application.Shutdown.DestroyWorld                                                                              :        1 samples, Peak.   537 us (1.0x), Avg.   537 us, Total. 537.2 us (0.0%)
[Performance] Application.Shutdown.CleanupAfterLoad                                                                          :        1 samples, Peak.  10.6 ms (1.0x), Avg.  10.6 ms, Total. 10.63 ms (0.0%)
[Performance] Application.Shutdown.Progress                                                                                  :        1 samples, Peak.  8.00 us (1.0x), Avg.  8.00 us, Total. 8.000 us (0.0%)
[Performance] Application.Shutdown.GICleanupManagers                                                                         :        1 samples, Peak.  2.31 ms (1.0x), Avg.  2.31 ms, Total. 2.313 ms (0.0%)
[Performance] Application.Shutdown.MenuCleanupClass                                                                          :        1 samples, Peak.   227 us (1.0x), Avg.   227 us, Total. 227.0 us (0.0%)
[Performance] Application.Shutdown.ADBSaveStateBeforeShutdown                                                                :        1 samples, Peak.  8.40 us (1.0x), Avg.  8.40 us, Total. 8.400 us (0.0%)
[Performance] Application.Shutdown.RemoteShutdown                                                                            :        1 samples, Peak.   800 ns (1.0x), Avg.   800 ns, Total. 800.0 ns (0.0%)
[Performance] Application.Shutdown.CleanupVCProvider                                                                         :        1 samples, Peak.  13.2 us (1.0x), Avg.  13.2 us, Total. 13.20 us (0.0%)
[Performance] Application.Shutdown.InputShutdown                                                                             :        1 samples, Peak.  2.30 us (1.0x), Avg.  2.30 us, Total. 2.300 us (0.0%)
[Performance] Application.Shutdown.GizmoManagerDestroy                                                                       :        1 samples, Peak.   707 us (1.0x), Avg.   707 us, Total. 706.6 us (0.0%)
[Performance] Application.Shutdown.ProfilerSession                                                                           :        1 samples, Peak.   459 us (1.0x), Avg.   459 us, Total. 458.9 us (0.0%)
[Performance] Application.Shutdown.ReleaseGfxWindowOnAllGUIViews                                                             :        1 samples, Peak.   300 ns (1.0x), Avg.   300 ns, Total. 300.0 ns (0.0%)
[Performance] Application.Shutdown.CleanupEngine                                                                             :        1 samples, Peak.  69.0 ms (1.0x), Avg.  69.0 ms, Total. 68.99 ms (0.1%)
[Performance] Application.Shutdown.CleanupAssetDatabase                                                                      :        1 samples, Peak.  7.16 ms (1.0x), Avg.  7.16 ms, Total. 7.163 ms (0.0%)
[Performance] Application.Shutdown.ScriptCompilationCleanUp                                                                  :        1 samples, Peak.  14.5 ms (1.0x), Avg.  14.5 ms, Total. 14.48 ms (0.0%)
[Performance] Application.Shutdown.DestroyJobSystem                                                                          :        1 samples, Peak.   145 us (1.0x), Avg.   145 us, Total. 145.4 us (0.0%)
[Performance] Application.Shutdown.CleanupPersistentManager                                                                  :        1 samples, Peak.  1.91 ms (1.0x), Avg.  1.91 ms, Total. 1.912 ms (0.0%)
[Performance] Application.Shutdown.CleanupAsyncReadManager                                                                   :        1 samples, Peak.   367 us (1.0x), Avg.   367 us, Total. 367.2 us (0.0%)
[Performance] Application.Shutdown.CleanupProgressBar                                                                        :        1 samples, Peak.   400 ns (1.0x), Avg.   400 ns, Total. 400.0 ns (0.0%)
[Performance] Application.Shutdown.CleanupMono                                                                               :        1 samples, Peak.  72.0 ms (1.0x), Avg.  72.0 ms, Total. 71.99 ms (0.1%)
[Performance] Application.Shutdown.CleanupStdConverters                                                                      :        1 samples, Peak.  9.80 us (1.0x), Avg.  9.80 us, Total. 9.800 us (0.0%)
[Performance] Application.Shutdown.UnloadAllPlatformSupportModuleNativeDlls                                                  :        1 samples, Peak.   600 ns (1.0x), Avg.   600 ns, Total. 600.0 ns (0.0%)
[Performance] Application.Shutdown.UnloadAllPlatformSupportNativeLibraries                                                   :        1 samples, Peak. 0.0 (-nan(ind)x), Avg. 0.0, Total. 0.0 (0.0%)
[Performance] Application.Shutdown.CleanupAutoDocumentation                                                                  :        1 samples, Peak.   671 us (1.0x), Avg.   671 us, Total. 671.0 us (0.0%)
[Performance] Application.Shutdown.ShaderNameManagerDestroy                                                                  :        1 samples, Peak.  61.2 us (1.0x), Avg.  61.2 us, Total. 61.20 us (0.0%)
[Performance] Application.Shutdown.CleanupCacheServer                                                                        :        1 samples, Peak.   300 ns (1.0x), Avg.   300 ns, Total. 300.0 ns (0.0%)
[Performance] Application.Shutdown.Virtualization_Shutdown                                                                   :        1 samples, Peak.   600 ns (1.0x), Avg.   600 ns, Total. 600.0 ns (0.0%)
[Performance] Application.Shutdown.DevConnections                                                                            :        1 samples, Peak.   107 us (1.0x), Avg.   107 us, Total. 107.2 us (0.0%)
Exiting batchmode successfully now!
Exiting without the bug reporter. Application will terminate with return code 0